running develop
running egg_info
creating demo134.egg-info
writing demo134.egg-info/PKG-INFO
writing dependency_links to demo134.egg-info/dependency_links.txt
writing entry points to demo134.egg-info/entry_points.txt
writing requirements to demo134.egg-info/requires.txt
writing top-level names to demo134.egg-info/top_level.txt
writing manifest file 'demo134.egg-info/SOURCES.txt'
reading manifest file 'demo134.egg-info/SOURCES.txt'
writing manifest file 'demo134.egg-info/SOURCES.txt'
running build_ext
Creating /home/robot/robotws/install/demo134/lib/python3.10/site-packages/demo134.egg-link (link to .)
Installing demo134 script to /home/robot/robotws/install/demo134/lib/demo134

Installed /home/robot/robotws/build/demo134
running symlink_data
creating /home/robot/robotws/install/demo134/share/ament_index
creating /home/robot/robotws/install/demo134/share/ament_index/resource_index
creating /home/robot/robotws/install/demo134/share/ament_index/resource_index/packages
symbolically linking /home/robot/robotws/build/demo134/resource/demo134 -> /home/robot/robotws/install/demo134/share/ament_index/resource_index/packages
symbolically linking /home/robot/robotws/build/demo134/package.xml -> /home/robot/robotws/install/demo134/share/demo134
creating /home/robot/robotws/install/demo134/share/demo134/launch
symbolically linking /home/robot/robotws/build/demo134/launch/demo134.launch.py -> /home/robot/robotws/install/demo134/share/demo134/launch
