[1.272s] Invoking command in '/home/robot/robotws/build/hebiros': PYTHONPATH=/home/robot/robotws/build/hebiros/prefix_override:/usr/lib/python3/dist-packages/colcon_core/task/python/colcon_distutils_commands:/home/robot/robotws/install/hebiros/lib/python3.10/site-packages:${PYTHONPATH} /usr/bin/python3 -W ignore:setup.py install is deprecated -W ignore:easy_install command is deprecated setup.py develop --editable --build-directory /home/robot/robotws/build/hebiros/build --no-deps symlink_data
[1.564s] running develop
[1.778s] running egg_info
[1.778s] writing hebiros.egg-info/PKG-INFO
[1.779s] writing dependency_links to hebiros.egg-info/dependency_links.txt
[1.779s] writing entry points to hebiros.egg-info/entry_points.txt
[1.779s] writing requirements to hebiros.egg-info/requires.txt
[1.780s] writing top-level names to hebiros.egg-info/top_level.txt
[1.784s] reading manifest file 'hebiros.egg-info/SOURCES.txt'
[1.785s] writing manifest file 'hebiros.egg-info/SOURCES.txt'
[1.786s] running build_ext
[1.786s] Creating /home/robot/robotws/install/hebiros/lib/python3.10/site-packages/hebiros.egg-link (link to .)
[1.787s] Installing hebiforce script to /home/robot/robotws/install/hebiros/lib/hebiros
[1.787s] Installing hebinode script to /home/robot/robotws/install/hebiros/lib/hebiros
[1.787s] Installing hebiscan script to /home/robot/robotws/install/hebiros/lib/hebiros
[1.787s] Installing hebitune script to /home/robot/robotws/install/hebiros/lib/hebiros
[1.788s] Installing testsend script to /home/robot/robotws/install/hebiros/lib/hebiros
[1.788s] 
[1.788s] Installed /home/robot/robotws/build/hebiros
[1.788s] running symlink_data
[1.853s] Invoked command in '/home/robot/robotws/build/hebiros' returned '0': PYTHONPATH=/home/robot/robotws/build/hebiros/prefix_override:/usr/lib/python3/dist-packages/colcon_core/task/python/colcon_distutils_commands:/home/robot/robotws/install/hebiros/lib/python3.10/site-packages:${PYTHONPATH} /usr/bin/python3 -W ignore:setup.py install is deprecated -W ignore:easy_install command is deprecated setup.py develop --editable --build-directory /home/robot/robotws/build/hebiros/build --no-deps symlink_data
